// Jest Snapshot v1, https://goo.gl/fbAQLP

exports[`Sidebar Test SnapshotTest 1`] = `
<div>
  <nav
    aria-label="main navigation"
    class="navbar is-black"
    role="navigation"
  >
    <div
      class="navbar-brand"
    >
      <a
        class="navbar-item"
        href="https://bulma.io"
      >
        <img
          height="28"
          src="https://bulma.io/images/bulma-logo.png"
          width="112"
        />
      </a>
    </div>
  </nav>
   
  <br />
   
  <aside
    class="menu"
  >
    <p
      class="menu-label"
    >
      
            General
        
    </p>
     
    <ul
      class="menu-list"
    >
      <li>
        <a>
          Dashboard
        </a>
      </li>
       
      <li>
        <a>
          Customers
        </a>
      </li>
    </ul>
     
    <p
      class="menu-label"
    >
      
            Administration
        
    </p>
     
    <ul
      class="menu-list"
    >
      <li>
        <a>
          Team Settings
        </a>
      </li>
       
      <li>
        <a
          class="is-active"
        >
          Manage Your Team
        </a>
         
        <ul>
          <li>
            <a>
              Members
            </a>
          </li>
           
          <li>
            <a>
              Plugins
            </a>
          </li>
           
          <li>
            <a>
              Add a member
            </a>
          </li>
        </ul>
      </li>
       
      <li>
        <a>
          Invitations
        </a>
      </li>
       
      <li>
        <a>
          Cloud Storage Environment Settings
        </a>
      </li>
       
      <li>
        <a>
          Authentication
        </a>
      </li>
    </ul>
     
    <p
      class="menu-label"
    >
      
            Transactions
        
    </p>
     
    <ul
      class="menu-list"
    >
      <li>
        <a>
          Payments
        </a>
      </li>
       
      <li>
        <a>
          Transfers
        </a>
      </li>
       
      <li>
        <a>
          Balance
        </a>
      </li>
    </ul>
  </aside>
</div>
`;
